[2026-04-07 22:23:18] Waiting for pipeline (run_pipeline.py) to finish...
[2026-04-08 05:46:51] Pipeline finished. Checking results...
[2026-04-08 05:46:51] Data generated successfully.
[2026-04-08 05:46:51] Copying data to web/public/data/...
Data copied to /Users/joey/Documents/programming/pgc-explorer/scripts/../web/public/data
total 24
-rw-r--r--@ 1 joey  staff   198B Apr  8 05:46 correlation_matrix.json
drwxr-xr-x@ 8 joey  staff   256B Apr  8 05:46 manhattan
-rw-r--r--@ 1 joey  staff   209B Apr  8 05:46 metadata.json
-rw-r--r--@ 1 joey  staff   367B Apr  8 05:46 network_graph.json
[2026-04-08 05:46:51] Deploying to Vercel...
Retrieving project…
Deploying jdcodes1s-projects/web
Uploading [--------------------] (0.0B/2.4MB)
Uploading [=====---------------] (631.5KB/2.4MB)
Uploading [==========----------] (1.2MB/2.4MB)
Uploading [===============-----] (1.8MB/2.4MB)
Uploading [====================] (2.4MB/2.4MB)
Inspect: https://vercel.com/jdcodes1s-projects/web/Ac3bjy8TgL2JoP9gMa8dFKJ2hqXm [4s]
Production: https://web-xzzxu33cn-jdcodes1s-projects.vercel.app [4s]
Building...
Building...
Building: Running build in Washington, D.C., USA (East) – iad1
Building: Build machine configuration: 2 cores, 8 GB
Building: Retrieving list of deployment files...
Building: Previous build caches not available.
Building: Downloading 47 deployment files...
Building: Running "vercel build"
Building: Vercel CLI 50.38.2
Building: Installing dependencies...
Building: npm warn deprecated node-domexception@1.0.0: Use your platform's native DOMException instead
Building: added 965 packages in 19s
Building: 246 packages are looking for funding
Building: run `npm fund` for details
Building: Detected Next.js version: 16.2.2
Building: Running "npm run build"
Building: > web@0.1.0 build
Building: > next build
Building: Attention: Next.js now collects completely anonymous telemetry regarding usage.
Building: This information is used to shape Next.js' roadmap and prioritize features.
Building: You can learn more, including how to opt-out if you'd not like to participate in this anonymous program, by visiting the following URL:
Building: https://nextjs.org/telemetry
Building: ▲ Next.js 16.2.2 (Turbopack)
Building: Creating an optimized production build ...
Building: ✓ Compiled successfully in 15.6s
Building: Running TypeScript ...
Building: Finished TypeScript in 4.4s ...
Building: Collecting page data using 1 worker ...
Building: Generating static pages using 1 worker (0/7) ...
Building: Generating static pages using 1 worker (1/7)
Building: Generating static pages using 1 worker (3/7)
Building: Generating static pages using 1 worker (5/7)
Building: ✓ Generating static pages using 1 worker (7/7) in 254ms
Building: Finalizing page optimization ...
Building: Running onBuildComplete from Vercel
Building: Route (app)
Building: ┌ ○ /
Building: ├ ○ /_not-found
Building: ├ ○ /correlations
Building: ├ ○ /manhattan
Building: └ ○ /network
Building: ○  (Static)  prerendered as static content
Building: Build Completed in /vercel/output [42s]
Building: Deploying outputs...
Building: Deployment completed
[2K[1A[2K[GProduction: https://web-xzzxu33cn-jdcodes1s-projects.vercel.app [57s]
Completing...
Aliased: https://web-iota-coral-12.vercel.app [57s]
{
  "status": "ok",
  "deployment": {
    "id": "dpl_Ac3bjy8TgL2JoP9gMa8dFKJ2hqXm",
    "url": "https://web-xzzxu33cn-jdcodes1s-projects.vercel.app",
    "inspectorUrl": "https://vercel.com/jdcodes1s-projects/web/Ac3bjy8TgL2JoP9gMa8dFKJ2hqXm",
    "readyState": "READY",
    "target": "production",
    "deploymentApiUrl": "https://api.vercel.com/v13/deployments/dpl_Ac3bjy8TgL2JoP9gMa8dFKJ2hqXm"
  },
  "message": "Deployment web-xzzxu33cn-jdcodes1s-projects.vercel.app ready.",
  "next": [
    {
      "command": "vercel inspect web-xzzxu33cn-jdcodes1s-projects.vercel.app --scope jdcodes1s-projects",
      "when": "Inspect deployment"
    },
    {
      "command": "vercel deploy --prod --scope jdcodes1s-projects",
      "when": "Promote to production"
    }
  ]
}
[2026-04-08 05:47:51] Deployed to: https://vercel.com/jdcodes1s-projects/web/Ac3bjy8TgL2JoP9gMa8dFKJ2hqXm
https://web-xzzxu33cn-jdcodes1s-projects.vercel.app
https://nextjs.org/telemetry
https://web-xzzxu33cn-jdcodes1s-projects.vercel.app
https://web-iota-coral-12.vercel.app
https://web-xzzxu33cn-jdcodes1s-projects.vercel.app",
https://vercel.com/jdcodes1s-projects/web/Ac3bjy8TgL2JoP9gMa8dFKJ2hqXm",
https://api.vercel.com/v13/deployments/dpl_Ac3bjy8TgL2JoP9gMa8dFKJ2hqXm"
[2026-04-08 05:47:51] Done!
[2026-04-08 11:13:17] Waiting for pipeline (run_pipeline.py) to finish...
[2026-04-08 12:11:48] Waiting for pipeline (run_pipeline.py) to finish...
[2026-04-08 12:20:08] Waiting for pipeline (run_pipeline.py) to finish...
[2026-04-08 12:24:34] Waiting for pipeline (run_pipeline.py) to finish...
[2026-04-08 12:31:29] Waiting for pipeline (run_pipeline.py) to finish...
[2026-04-08 12:54:08] Waiting for pipeline (run_pipeline.py) to finish...
[2026-04-08 12:56:08] Pipeline finished. Checking results...
[2026-04-08 12:56:08] Data generated successfully.
[2026-04-08 12:56:08] Copying data to web/public/data/...
Data copied to /Users/joey/Documents/programming/pgc-explorer/scripts/../web/public/data
total 24
-rw-r--r--@ 1 joey  staff    39B Apr  8 12:56 correlation_matrix.json
drwxr-xr-x@ 8 joey  staff   256B Apr  8 05:46 manhattan
-rw-r--r--@ 1 joey  staff    90B Apr  8 12:56 metadata.json
-rw-r--r--@ 1 joey  staff    77B Apr  8 12:56 network_graph.json
[2026-04-08 12:56:09] Deploying to Vercel...
Retrieving project…
Deploying jdcodes1s-projects/web
Uploading [--------------------] (0.0B/206B)
Uploading [=======-------------] (77.0B/206B)
Uploading [================----] (167.0B/206B)
Uploading [====================] (206.0B/206B)
Inspect: https://vercel.com/jdcodes1s-projects/web/4Nx9wneHXSnHuqh4H7Q4f7SaSLbx [2s]
Production: https://web-d5eb19yw2-jdcodes1s-projects.vercel.app [2s]
Building...
Building...
Building: Running build in Washington, D.C., USA (East) – iad1
Building: Build machine configuration: 2 cores, 8 GB
Building: Retrieving list of deployment files...
Building: Downloading 47 deployment files...
Building: Restored build cache from previous deployment (Ac3bjy8TgL2JoP9gMa8dFKJ2hqXm)
Building: Running "vercel build"
Building: Vercel CLI 50.38.2
Building: Installing dependencies...
Building: up to date in 1s
Building: 246 packages are looking for funding
Building: run `npm fund` for details
Building: Detected Next.js version: 16.2.2
Building: Running "npm run build"
Building: > web@0.1.0 build
Building: > next build
Building: ▲ Next.js 16.2.2 (Turbopack)
Building: Creating an optimized production build ...
Building: ✓ Compiled successfully in 15.7s
Building: Running TypeScript ...
Building: Finished TypeScript in 4.7s ...
Building: Collecting page data using 1 worker ...
Building: Generating static pages using 1 worker (0/7) ...
Building: Generating static pages using 1 worker (1/7)
Building: Generating static pages using 1 worker (3/7)
Building: Generating static pages using 1 worker (5/7)
Building: ✓ Generating static pages using 1 worker (7/7) in 253ms
Building: Finalizing page optimization ...
Building: Running onBuildComplete from Vercel
Building: Route (app)
Building: ┌ ○ /
Building: ├ ○ /_not-found
Building: ├ ○ /correlations
Building: ├ ○ /manhattan
Building: └ ○ /network
Building: ○  (Static)  prerendered as static content
Building: Build Completed in /vercel/output [26s]
Building: Deploying outputs...
[2K[1A[2K[GProduction: https://web-d5eb19yw2-jdcodes1s-projects.vercel.app [39s]
Completing...
Aliased: https://web-iota-coral-12.vercel.app [39s]
{
  "status": "ok",
  "deployment": {
    "id": "dpl_4Nx9wneHXSnHuqh4H7Q4f7SaSLbx",
    "url": "https://web-d5eb19yw2-jdcodes1s-projects.vercel.app",
    "inspectorUrl": "https://vercel.com/jdcodes1s-projects/web/4Nx9wneHXSnHuqh4H7Q4f7SaSLbx",
    "readyState": "READY",
    "target": "production",
    "deploymentApiUrl": "https://api.vercel.com/v13/deployments/dpl_4Nx9wneHXSnHuqh4H7Q4f7SaSLbx"
  },
  "message": "Deployment web-d5eb19yw2-jdcodes1s-projects.vercel.app ready.",
  "next": [
    {
      "command": "vercel inspect web-d5eb19yw2-jdcodes1s-projects.vercel.app --scope jdcodes1s-projects",
      "when": "Inspect deployment"
    },
    {
      "command": "vercel deploy --prod --scope jdcodes1s-projects",
      "when": "Promote to production"
    }
  ]
}
[2026-04-08 12:56:50] Deployed to: https://vercel.com/jdcodes1s-projects/web/4Nx9wneHXSnHuqh4H7Q4f7SaSLbx
https://web-d5eb19yw2-jdcodes1s-projects.vercel.app
https://web-d5eb19yw2-jdcodes1s-projects.vercel.app
https://web-iota-coral-12.vercel.app
https://web-d5eb19yw2-jdcodes1s-projects.vercel.app",
https://vercel.com/jdcodes1s-projects/web/4Nx9wneHXSnHuqh4H7Q4f7SaSLbx",
https://api.vercel.com/v13/deployments/dpl_4Nx9wneHXSnHuqh4H7Q4f7SaSLbx"
[2026-04-08 12:56:50] Done!
[2026-04-08 13:03:26] Waiting for pipeline (run_pipeline.py) to finish...
[2026-04-08 14:19:12] Pipeline finished. Checking results...
[2026-04-08 14:19:12] Data generated successfully.
[2026-04-08 14:19:12] Copying data to web/public/data/...
Data copied to /Users/joey/Documents/programming/pgc-explorer/scripts/../web/public/data
total 24
-rw-r--r--@  1 joey  staff   1.4K Apr  8 14:19 correlation_matrix.json
drwxr-xr-x@ 11 joey  staff   352B Apr  8 14:19 manhattan
-rw-r--r--@  1 joey  staff   587B Apr  8 14:19 metadata.json
-rw-r--r--@  1 joey  staff   2.0K Apr  8 14:19 network_graph.json
[2026-04-08 14:19:12] Deploying to Vercel...
Retrieving project…
Deploying jdcodes1s-projects/web
Uploading [--------------------] (0.0B/11MB)
Uploading [=====---------------] (2.8MB/11MB)
Uploading [==========----------] (5.5MB/11MB)
Uploading [===============-----] (8.2MB/11MB)
Uploading [====================] (11.0MB/11MB)
Inspect: https://vercel.com/jdcodes1s-projects/web/9uqbjFUcrC56fZpD1rLt7G6qKkbB [4s]
Production: https://web-el6t4khcf-jdcodes1s-projects.vercel.app [4s]
Building...
Building...
Building: Running build in Washington, D.C., USA (East) – iad1
Building: Build machine configuration: 2 cores, 8 GB
Building: Retrieving list of deployment files...
Building: Downloading 50 deployment files...
Building: Restored build cache from previous deployment (4Nx9wneHXSnHuqh4H7Q4f7SaSLbx)
Building: Running "vercel build"
Building: Vercel CLI 50.38.2
Building: Installing dependencies...
Building: up to date in 1s
Building: 246 packages are looking for funding
Building: run `npm fund` for details
Building: Detected Next.js version: 16.2.2
Building: Running "npm run build"
Building: > web@0.1.0 build
Building: > next build
Building: ▲ Next.js 16.2.2 (Turbopack)
Building: Creating an optimized production build ...
Building: ✓ Compiled successfully in 17.6s
Building: Running TypeScript ...
Building: Finished TypeScript in 4.7s ...
Building: Collecting page data using 1 worker ...
Building: Generating static pages using 1 worker (0/7) ...
Building: Generating static pages using 1 worker (1/7)
Building: Generating static pages using 1 worker (3/7)
Building: Generating static pages using 1 worker (5/7)
Building: ✓ Generating static pages using 1 worker (7/7) in 247ms
Building: Finalizing page optimization ...
Building: Running onBuildComplete from Vercel
Building: Route (app)
Building: ┌ ○ /
Building: ├ ○ /_not-found
Building: ├ ○ /correlations
Building: ├ ○ /manhattan
Building: └ ○ /network
Building: ○  (Static)  prerendered as static content
Building: Build Completed in /vercel/output [27s]
Building: Deploying outputs...
Building: Deployment completed
Building: Creating build cache...
[2K[1A[2K[GProduction: https://web-el6t4khcf-jdcodes1s-projects.vercel.app [46s]
Completing...
Aliased: https://web-iota-coral-12.vercel.app [46s]
{
  "status": "ok",
  "deployment": {
    "id": "dpl_9uqbjFUcrC56fZpD1rLt7G6qKkbB",
    "url": "https://web-el6t4khcf-jdcodes1s-projects.vercel.app",
    "inspectorUrl": "https://vercel.com/jdcodes1s-projects/web/9uqbjFUcrC56fZpD1rLt7G6qKkbB",
    "readyState": "READY",
    "target": "production",
    "deploymentApiUrl": "https://api.vercel.com/v13/deployments/dpl_9uqbjFUcrC56fZpD1rLt7G6qKkbB"
  },
  "message": "Deployment web-el6t4khcf-jdcodes1s-projects.vercel.app ready.",
  "next": [
    {
      "command": "vercel inspect web-el6t4khcf-jdcodes1s-projects.vercel.app --scope jdcodes1s-projects",
      "when": "Inspect deployment"
    },
    {
      "command": "vercel deploy --prod --scope jdcodes1s-projects",
      "when": "Promote to production"
    }
  ]
}
[2026-04-08 14:20:02] Deployed to: https://vercel.com/jdcodes1s-projects/web/9uqbjFUcrC56fZpD1rLt7G6qKkbB
https://web-el6t4khcf-jdcodes1s-projects.vercel.app
https://web-el6t4khcf-jdcodes1s-projects.vercel.app
https://web-iota-coral-12.vercel.app
https://web-el6t4khcf-jdcodes1s-projects.vercel.app",
https://vercel.com/jdcodes1s-projects/web/9uqbjFUcrC56fZpD1rLt7G6qKkbB",
https://api.vercel.com/v13/deployments/dpl_9uqbjFUcrC56fZpD1rLt7G6qKkbB"
[2026-04-08 14:20:02] Done!
