============================================================
PGC Explorer — Data Pipeline
============================================================

[Step 1] Loading disorders from HuggingFace...

  Loading ADHD (OpenMed/pgc-adhd, config=adhd2022)...
    -> 7,033 significant SNPs
  Loading Anxiety (OpenMed/pgc-anxiety, config=anx2026)...
    -> 12,815 significant SNPs
  Loading Autism (OpenMed/pgc-autism, config=asd2019)...
    Rate limited, waiting 60s (attempt 1/3)...
    Rate limited, waiting 120s (attempt 2/3)...
    -> 4,027 significant SNPs
  Loading Bipolar (OpenMed/pgc-bipolar, config=bip2019)...
    Rate limited, waiting 60s (attempt 1/3)...
    -> 5,346 significant SNPs
  Loading Depression (OpenMed/pgc-mdd, config=mdd2018)...
    Rate limited, waiting 60s (attempt 1/3)...
    Rate limited, waiting 120s (attempt 2/3)...
    -> 7,014 significant SNPs
  Loading Substance Use (OpenMed/pgc-substance-use, config=sud2020-cud)...
    -> FAILED: Conversion Error: Error while reading file "hf://datasets/OpenMed/pgc-substance-use/data/sud2020-cud/train-00511-of-03461.parquet": failed to cast column "BP" from type VARCHAR to BIGINT: : Could not convert string 'rs138022958:13161698:T:C' to INT64

In file "hf://datasets/OpenMed/pgc-substance-use/data/sud2020-cud/train-00511-of-03461.parquet" the column "BP" has type VARCHAR, but we are trying to read it as type BIGINT.
This can happen when reading multiple Parquet files. The schema information is taken from the first Parquet file by default. Possible solutions:
* Enable the union_by_name=True option to combine the schema of all Parquet files (https://duckdb.org/docs/stable/data/multiple_files/combining_schemas)
* Use a COPY statement to automatically derive types from an existing table.
  Loading Schizophrenia (OpenMed/pgc-schizophrenia, config=scz2022)...
    Rate limited, waiting 60s (attempt 1/3)...
    Rate limited, waiting 120s (attempt 2/3)...
    -> 112,770 significant SNPs
  Loading PTSD (OpenMed/pgc-ptsd, config=ptsd2019)...
    Rate limited, waiting 60s (attempt 1/3)...
    Rate limited, waiting 120s (attempt 2/3)...
    -> 618 significant SNPs
  Loading OCD/Tourette (OpenMed/pgc-ocd-tourette, config=ocd2025)...
    -> FAILED: Invalid Input Error: Failed to read file "hf://datasets/OpenMed/pgc-ocd-tourette/data/ocd2025/train-00001-of-00680.parquet": schema mismatch in glob: column "BETA" was read from the original file "hf://datasets/OpenMed/pgc-ocd-tourette/data/ocd2025/train-00000-of-00001.parquet", but could not be found in file "hf://datasets/OpenMed/pgc-ocd-tourette/data/ocd2025/train-00001-of-00680.parquet".
Candidate names: CHR, SNP, BP, A1, A2, FRQ_A_23493, FRQ_U_1114613, INFO, OR, SE, P, ngt, Direction, HetISqt, HetDf, HetPVa, Nca, Nco, Neff_half, _source_file
If you are trying to read files with different schemas, try setting union_by_name=True
  Loading Eating Disorders (OpenMed/pgc-eating-disorders, config=an2017)...
    -> 348 significant SNPs
  Loading Cross-Disorder (OpenMed/pgc-cross-disorder, config=cdg2019)...
    Rate limited, waiting 60s (attempt 1/3)...
    Rate limited, waiting 120s (attempt 2/3)...
    -> 10,234 significant SNPs
  Loading Other (OpenMed/pgc-other, config=bpd2025)...
    Rate limited, waiting 60s (attempt 1/3)...
    Rate limited, waiting 120s (attempt 2/3)...
    -> FAILED: HTTP Error: Request returned HTTP 429 for HTTP HEAD to 'https://huggingface.co/datasets/OpenMed/pgc-other/resolve/main/data/bpd2025/train-00559-of-00604.parquet'

  Loaded 9/12 disorders
  Failed: ['Substance Use', 'OCD/Tourette', 'Other']

[Step 2] Computing cross-disorder correlation matrix...
  Correlation matrix:
    ADHD                 +1.00 -0.99 -0.15 -0.09 -0.10 +0.35 +0.00 +0.25 -0.16
    Anxiety              -0.99 +1.00 +0.36 +0.07 +0.05 -0.95 +0.00 -0.09 +0.11
    Autism               -0.15 +0.36 +1.00 +1.00 +1.00 -0.01 +0.00 -1.00 +0.99
    Bipolar              -0.09 +0.07 +1.00 +1.00 +0.89 -0.07 +0.00 +0.00 +0.98
    Depression           -0.10 +0.05 +1.00 +0.89 +1.00 -0.07 +0.00 -0.99 +0.97
    Schizophrenia        +0.35 -0.95 -0.01 -0.07 -0.07 +1.00 +0.00 -0.02 -0.01
    PTSD                 +0.00 +0.00 +0.00 +0.00 +0.00 +0.00 +1.00 +0.00 +0.00
    Eating Disorders     +0.25 -0.09 -1.00 +0.00 -0.99 -0.02 +0.00 +1.00 +0.67
    Cross-Disorder       -0.16 +0.11 +0.99 +0.98 +0.97 -0.01 +0.00 +0.67 +1.00

[Step 3] Exporting JSON snapshots...
  -> correlation_matrix.json
  -> manhattan/*.json
  -> network_graph.json
  -> metadata.json

  All snapshots written to /Users/joey/Documents/programming/pgc-explorer/data

============================================================
Pipeline complete!
============================================================
